Microchip MPLAB XC8 Compiler V2.41

Linker command line:

-W-3 \
  --edf=C:/Program Files/Microchip/MPLABX/v6.15/packs/Microchip/PIC18Fxxxx_DFP/1.4.151/xc8\pic\dat\20230323171731_en.msgs \
  -cn -h+dist/default/debug\Project_One.debug.sym \
  --cmf=dist/default/debug\Project_One.debug.cmf -z -Q18F4620 \
  -oC:\Users\DELL\AppData\Local\Temp\xcAs2jc.\driver_tmp_3.o \
  --defsym=__MPLAB_BUILD=1 --fixupoverflow=error \
  -Mdist/default/debug/Project_One.debug.map \
  --md=C:\Users\DELL\AppData\Local\Temp\xcAs2jc.\driver_tmp_0.dat -E1 \
  -ver=XC8 Compiler --acfsm=1493 -ACODE=00h-0FFFFh -ACONST=00h-0FFFFh \
  -ASMALLCONST=01000h-010FFhx240 -AMEDIUMCONST=01000h-0FFFFh \
  -ACOMRAM=01h-07Fh -AABS1=00h-0F7Fh -ABIGRAM=01h-0F7Fh \
  -ARAM=080h-0FFh,0100h-01FFhx14,0F00h-0F7Fh -ABANK0=080h-0FFh \
  -ABANK1=0100h-01FFh -ABANK2=0200h-02FFh -ABANK3=0300h-03FFh \
  -ABANK4=0400h-04FFh -ABANK5=0500h-05FFh -ABANK6=0600h-06FFh \
  -ABANK7=0700h-07FFh -ABANK8=0800h-08FFh -ABANK9=0900h-09FFh \
  -ABANK10=0A00h-0AFFh -ABANK11=0B00h-0BFFh -ABANK12=0C00h-0CFFh \
  -ABANK13=0D00h-0DFFh -ABANK14=0E00h-0EFFh -ABANK15=0F00h-0F7Fh \
  -ASFR=0F80h-0FFFh -ABIGSFR=0F80h-0FFFh -ACONFIG=0300000h-030000Dh \
  -AIDLOC=0200000h-0200007h -AEEDATA=0F00000h-0F003FFh -peeprom_data=EEDATA \
  -preset_vec=00h,intcode=08h,intcodelo,powerup,init -pramtop=01000h \
  -psmallconst=SMALLCONST -pmediumconst=MEDIUMCONST -pconst=CONST \
  -AFARRAM=00h-00h \
  -prdata=COMRAM,nvrram=COMRAM,nvbit=COMRAM,rbss=COMRAM,rbit=COMRAM \
  -pfarbss=FARRAM,fardata=FARRAM,nvFARRAM=FARRAM \
  -pintsave_regs=BIGRAM,bigbss=BIGRAM,bigdata=BIGRAM -pbss=RAM \
  -pidata=CODE,irdata=CODE,ibigdata=CODE,ifardata=CODE -prparam=COMRAM \
  C:\Users\DELL\AppData\Local\Temp\xcAs2jc.\driver_tmp_9.o \
  dist/default/debug\Project_One.debug.o 

Object code version is 3.11

Machine type is 18F4620



                Name                               Link     Load   Length Selector   Space Scale
C:\Users\DELL\AppData\Local\Temp\xcAs2jc.\driver_tmp_9.o
                config                           300000   300000        E        0       4
                init                                  E        E        4        4       0
                reset_vec                             0        0        4        0       0
dist/default/debug\Project_One.debug.o
                intcode                               8        8        6        4       0
                config                           300000   300000        E        0       4
                temp                                 6E       6E        1        1       1
                smallconst                         1000     1000        8      800       0
                text22                             1AFC     1AFC        4      804       0
                text21                             1AF8     1AF8        4      804       0
                text20                             1AF4     1AF4        4      804       0
                text19                             1AF0     1AF0        4      804       0
                text18                             1AD6     1AD6       1A      804       0
                text17                             1ABC     1ABC       1A      804       0
                text16                             1AA2     1AA2       1A      804       0
                text15                             1A88     1A88       1A      804       0
                text14                             1622     1622       92      804       0
                text13                             1822     1822       72      804       0
                text12                             1A2E     1A2E       32      804       0
                text11                             19C4     19C4       36      804       0
                intcode_body                       1008     1008      2F6      804       0
                text9                              1736     1736       7A      804       0
                text8                              1894     1894       58      804       0
                text7                              1986     1986       3E      804       0
                text6                              157E     157E       A4      804       0
                text5                              1B00     1B00        2      804       0
                text4                              12FE     12FE      144      804       0
                text3                              1442     1442      13C      804       0
                text2                              17B0     17B0       72      804       0
                text1                              16B4     16B4       82      804       0
                text0                              19FA     19FA       34      804       0
                cstackCOMRAM                         53       53       1B        1       1
                cstackBANK0                          C4       C4        9       80       1
                dataBANK0                            80       80       44       80       1
                dataCOMRAM                           2B       2B       28        1       1
                bssCOMRAM                             1        1       2A        1       1
                cinit                              18EC     18EC       56      804       0
                idataBANK0                         1942     1942       44      804       0
                idataCOMRAM                        1A60     1A60       28      804       0

TOTAL           Name                               Link     Load   Length     Space
        CLASS   CODE           
                intcode                               8        8        6         0
                init                                  E        E        4         0
                reset_vec                             0        0        4         0
                text22                             1AFC     1AFC        4         0
                text21                             1AF8     1AF8        4         0
                text20                             1AF4     1AF4        4         0
                text19                             1AF0     1AF0        4         0
                text18                             1AD6     1AD6       1A         0
                text17                             1ABC     1ABC       1A         0
                text16                             1AA2     1AA2       1A         0
                text15                             1A88     1A88       1A         0
                text14                             1622     1622       92         0
                text13                             1822     1822       72         0
                text12                             1A2E     1A2E       32         0
                text11                             19C4     19C4       36         0
                intcode_body                       1008     1008      2F6         0
                text9                              1736     1736       7A         0
                text8                              1894     1894       58         0
                text7                              1986     1986       3E         0
                text6                              157E     157E       A4         0
                text5                              1B00     1B00        2         0
                text4                              12FE     12FE      144         0
                text3                              1442     1442      13C         0
                text2                              17B0     17B0       72         0
                text1                              16B4     16B4       82         0
                text0                              19FA     19FA       34         0
                cinit                              18EC     18EC       56         0
                idataBANK0                         1942     1942       44         0
                idataCOMRAM                        1A60     1A60       28         0

        CLASS   CONST          

        CLASS   SMALLCONST     
                smallconst                         1000     1000        8         0

        CLASS   MEDIUMCONST    

        CLASS   COMRAM         
                temp                                 6E       6E        1         1
                cstackCOMRAM                         53       53       1B         1
                dataCOMRAM                           2B       2B       28         1
                bssCOMRAM                             1        1       2A         1

        CLASS   ABS1           

        CLASS   BIGRAM         

        CLASS   RAM            

        CLASS   BANK0          
                cstackBANK0                          C4       C4        9         1
                dataBANK0                            80       80       44         1

        CLASS   BANK1          

        CLASS   BANK2          

        CLASS   BANK3          

        CLASS   BANK4          

        CLASS   BANK5          

        CLASS   BANK6          

        CLASS   BANK7          

        CLASS   BANK8          

        CLASS   BANK9          

        CLASS   BANK10         

        CLASS   BANK11         

        CLASS   BANK12         

        CLASS   BANK13         

        CLASS   BANK14         

        CLASS   BANK15         

        CLASS   SFR            

        CLASS   BIGSFR         

        CLASS   CONFIG         
                config                           300000   300000        E         4

        CLASS   IDLOC          

        CLASS   EEDATA         

        CLASS   FARRAM         

        CLASS   HEAP           

        CLASS   STACK          



SEGMENTS        Name                           Load    Length   Top    Selector   Space  Class

                reset_vec                      000000  000004  000004         0       0  CODE    
                bssCOMRAM                      000001  00006E  00006F         1       1  COMRAM  
                intcode                        000008  00000A  000012         4       0  CODE    
                dataBANK0                      000080  00004D  0000CD        80       1  BANK0   
                smallconst                     001000  000008  001008       800       0  SMALLCON
                intcode_body                   001008  000AFA  001B02       804       0  CODE    


UNUSED ADDRESS RANGES

        Name                Unused          Largest block    Delta
        BANK0            0000CD-0000FF               33
        BANK1            000100-0001FF              100
        BANK10           000A00-000AFF              100
        BANK11           000B00-000BFF              100
        BANK12           000C00-000CFF              100
        BANK13           000D00-000DFF              100
        BANK14           000E00-000EFF              100
        BANK15           000F00-000F7F               80
        BANK2            000200-0002FF              100
        BANK3            000300-0003FF              100
        BANK4            000400-0004FF              100
        BANK5            000500-0005FF              100
        BANK6            000600-0006FF              100
        BANK7            000700-0007FF              100
        BANK8            000800-0008FF              100
        BANK9            000900-0009FF              100
        BIGRAM           00006F-00007F               11
                         0000CD-000F7F              EB3
        BIGSFR           000F80-000FFF               80
        CODE             000004-000007                4
                         000012-000FFF              FEE
                         001B02-00FFFF             E4FE
        COMRAM           00006F-00007F               11
        CONST            000004-000007                4
                         000012-000FFF              FEE
                         001B02-00FFFF             E4FE
        EEDATA           F00000-F003FF              400
        IDLOC            200000-200007                8
        MEDIUMCONST      001B02-00FFFF             E4FE
        RAM              0000CD-000F7F              100
        SFR              000F80-000FFF               80
        SMALLCONST       001B02-00FFFF              100

                                  Symbol Table

RB4_ISR@source                          cstackCOMRAM 000053
RB5_ISR@source                          cstackCOMRAM 000053
RB6_ISR@source                          cstackCOMRAM 000053
RB7_ISR@source                          cstackCOMRAM 000053
Relay_Initialize@F3042                  bssCOMRAM    000026
Relay_Turn_OFF@F3052                    bssCOMRAM    000024
Relay_Turn_ON@F3047                     bssCOMRAM    000025
Timer0_Init@ret                         cstackCOMRAM 00006B
Timer0_Init@timer1                      cstackCOMRAM 000067
Timer0_Mode_Select@timer1               cstackCOMRAM 000064
Timer0_Prescaler_Config@timer1          cstackCOMRAM 000064
Timer0_Register_Size@timer1             cstackCOMRAM 000064
_ADCON0bits                             (abs)        000FC2
_ADCON1bits                             (abs)        000FC1
_ADCON2bits                             (abs)        000FC0
_ADC_ISR                                text22       001AFC
_ADC_Interrupt_Handular                 bssCOMRAM    000021
_ADRESH                                 (abs)        000FC4
_ADRESL                                 (abs)        000FC3
_EEADR                                  (abs)        000FA9
_EEADRH                                 (abs)        000FAA
_EECON1bits                             (abs)        000FA6
_EECON2                                 (abs)        000FA7
_EEDATA                                 (abs)        000FA8
_INT0_ISR                               text21       001AF8
_INT0_Interrupt_Handular                bssCOMRAM    00001F
_INT1_ISR                               text20       001AF4
_INT1_Interrupt_Handular                bssCOMRAM    00001D
_INT2_ISR                               text19       001AF0
_INT2_Interrupt_Handular                bssCOMRAM    00001B
_INTCON2bits                            (abs)        000FF1
_INTCON3bits                            (abs)        000FF0
_INTCONbits                             (abs)        000FF2
_Interrupt_Manager                      intcode      000008
_LATA                                   (abs)        000F89
_LATB                                   (abs)        000F8A
_LATC                                   (abs)        000F8B
_LATD                                   (abs)        000F8C
_LATE                                   (abs)        000F8D
_PIE1bits                               (abs)        000F9D
_PIR1bits                               (abs)        000F9E
_PORTA                                  (abs)        000F80
_PORTB                                  (abs)        000F81
_PORTBbits                              (abs)        000F81
_PORTC                                  (abs)        000F82
_PORTD                                  (abs)        000F83
_PORTE                                  (abs)        000F84
_RB4_Flag                               dataCOMRAM   000042
_RB4_ISR                                text18       001AD6
_RB4_Interrupt_Handular_HIGH            bssCOMRAM    000019
_RB4_Interrupt_Handular_LOW             bssCOMRAM    000017
_RB5_Flag                               dataCOMRAM   000041
_RB5_ISR                                text17       001ABC
_RB5_Interrupt_Handular_HIGH            bssCOMRAM    000015
_RB5_Interrupt_Handular_LOW             bssCOMRAM    000013
_RB6_Flag                               dataCOMRAM   000040
_RB6_ISR                                text16       001AA2
_RB6_Interrupt_Handular_HIGH            bssCOMRAM    000011
_RB6_Interrupt_Handular_LOW             bssCOMRAM    00000F
_RB7_Flag                               dataCOMRAM   00003F
_RB7_ISR                                text15       001A88
_RB7_Interrupt_Handular_HIGH            bssCOMRAM    00000D
_RB7_Interrupt_Handular_LOW             bssCOMRAM    00000B
_T0CONbits                              (abs)        000FD5
_TIMER0_ISR                             text11       0019C4
_TMR0H                                  (abs)        000FD7
_TMR0L                                  (abs)        000FD6
_TMR0_Interrupt_Hundeler                bssCOMRAM    000009
_TRISA                                  (abs)        000F92
_TRISB                                  (abs)        000F93
_TRISC                                  (abs)        000F94
_TRISD                                  (abs)        000F95
_TRISE                                  (abs)        000F96
_Timer0_Defualt_Hundeler                text12       001A2E
_Timer0_Init                            text6        00157E
_Timer0_Mode_Select                     text9        001736
_Timer0_Prescaler_Config                text8        001894
_Timer0_Register_Size                   text7        001986
_Timer1_obj                             dataCOMRAM   000043
__HRAM                                  (abs)        000000
__H__absolute__                         __absolute__ 000000
__Habs1                                 abs1         000000
__Hbank0                                bank0        000000
__Hbank1                                bank1        000000
__Hbank10                               bank10       000000
__Hbank11                               bank11       000000
__Hbank12                               bank12       000000
__Hbank13                               bank13       000000
__Hbank14                               bank14       000000
__Hbank15                               bank15       000000
__Hbank2                                bank2        000000
__Hbank3                                bank3        000000
__Hbank4                                bank4        000000
__Hbank5                                bank5        000000
__Hbank6                                bank6        000000
__Hbank7                                bank7        000000
__Hbank8                                bank8        000000
__Hbank9                                bank9        000000
__Hbigbss                               bigbss       000000
__Hbigdata                              bigdata      000000
__Hbigram                               bigram       000000
__Hbigsfr                               bigsfr       000000
__Hbss                                  bss          000000
__HbssCOMRAM                            bssCOMRAM    000000
__Hcinit                                cinit        000000
__Hclrtext                              clrtext      000000
__Hcomram                               comram       000000
__Hconfig                               config       30000E
__Hconst                                const        000000
__HcstackBANK0                          cstackBANK0  000000
__HcstackCOMRAM                         cstackCOMRAM 000000
__Hdata                                 data         000000
__HdataBANK0                            dataBANK0    000000
__HdataCOMRAM                           dataCOMRAM   000000
__Heeprom_data                          eeprom_data  000000
__Hfarbss                               farbss       000000
__Hfardata                              fardata      000000
__Hheap                                 heap         000000
__Hibigdata                             ibigdata     000000
__Hidata                                idata        000000
__HidataBANK0                           idataBANK0   000000
__HidataCOMRAM                          idataCOMRAM  000000
__Hidloc                                idloc        000000
__Hifardata                             ifardata     000000
__Hinit                                 init         000012
__Hintcode                              intcode      00000E
__Hintcode_body                         intcode_body 000000
__Hintcodelo                            intcodelo    00000E
__Hintentry                             intentry     000000
__Hintret                               intret       000000
__Hintsave_regs                         intsave_regs 000000
__Hirdata                               irdata       000000
__Hmediumconst                          mediumconst  000000
__HnvFARRAM                             nvFARRAM     000000
__Hnvbit                                nvbit        000000
__Hnvrram                               nvrram       000000
__Hparam                                rparam       000000
__Hpowerup                              powerup      00000E
__Hram                                  ram          000000
__Hramtop                               ramtop       001000
__Hrbit                                 rbit         000000
__Hrbss                                 rbss         000000
__Hrdata                                rdata        000000
__Hreset_vec                            reset_vec    000004
__Hrparam                               rparam       000000
__Hsfr                                  sfr          000000
__Hsmallconst                           smallconst   001008
__Hspace_0                              (abs)        001B02
__Hspace_1                              (abs)        0000CD
__Hspace_2                              (abs)        000000
__Hspace_4                              (abs)        60000E
__Hstack                                stack        000000
__Hstruct                               struct       000000
__Htemp                                 temp         00006F
__Htext                                 text         000000
__Htext0                                text0        000000
__Htext1                                text1        000000
__Htext11                               text11       000000
__Htext12                               text12       000000
__Htext13                               text13       000000
__Htext14                               text14       000000
__Htext15                               text15       000000
__Htext16                               text16       000000
__Htext17                               text17       000000
__Htext18                               text18       000000
__Htext19                               text19       000000
__Htext2                                text2        000000
__Htext20                               text20       000000
__Htext21                               text21       000000
__Htext22                               text22       000000
__Htext23                               text23       000000
__Htext3                                text3        000000
__Htext4                                text4        000000
__Htext5                                text5        000000
__Htext6                                text6        000000
__Htext7                                text7        000000
__Htext8                                text8        000000
__Htext9                                text9        000000
__LRAM                                  (abs)        000001
__L__absolute__                         __absolute__ 000000
__Labs1                                 abs1         000000
__Lbank0                                bank0        000000
__Lbank1                                bank1        000000
__Lbank10                               bank10       000000
__Lbank11                               bank11       000000
__Lbank12                               bank12       000000
__Lbank13                               bank13       000000
__Lbank14                               bank14       000000
__Lbank15                               bank15       000000
__Lbank2                                bank2        000000
__Lbank3                                bank3        000000
__Lbank4                                bank4        000000
__Lbank5                                bank5        000000
__Lbank6                                bank6        000000
__Lbank7                                bank7        000000
__Lbank8                                bank8        000000
__Lbank9                                bank9        000000
__Lbigbss                               bigbss       000000
__Lbigdata                              bigdata      000000
__Lbigram                               bigram       000000
__Lbigsfr                               bigsfr       000000
__Lbss                                  bss          000000
__LbssCOMRAM                            bssCOMRAM    000000
__Lcinit                                cinit        000000
__Lclrtext                              clrtext      000000
__Lcomram                               comram       000000
__Lconfig                               config       000000
__Lconst                                const        000000
__LcstackBANK0                          cstackBANK0  000000
__LcstackCOMRAM                         cstackCOMRAM 000000
__Ldata                                 data         000000
__LdataBANK0                            dataBANK0    000000
__LdataCOMRAM                           dataCOMRAM   000000
__Leeprom_data                          eeprom_data  000000
__Lfarbss                               farbss       000000
__Lfardata                              fardata      000000
__Lheap                                 heap         000000
__Libigdata                             ibigdata     000000
__Lidata                                idata        000000
__LidataBANK0                           idataBANK0   000000
__LidataCOMRAM                          idataCOMRAM  000000
__Lidloc                                idloc        000000
__Lifardata                             ifardata     000000
__Linit                                 init         00000E
__Lintcode                              intcode      000008
__Lintcode_body                         intcode_body 000000
__Lintcodelo                            intcodelo    00000E
__Lintentry                             intentry     000000
__Lintret                               intret       000000
__Lintsave_regs                         intsave_regs 000000
__Lirdata                               irdata       000000
__Lmediumconst                          mediumconst  000000
__LnvFARRAM                             nvFARRAM     000000
__Lnvbit                                nvbit        000000
__Lnvrram                               nvrram       000000
__Lparam                                rparam       000000
__Lpowerup                              powerup      00000E
__Lram                                  ram          000000
__Lramtop                               ramtop       001000
__Lrbit                                 rbit         000000
__Lrbss                                 rbss         000000
__Lrdata                                rdata        000000
__Lreset_vec                            reset_vec    000000
__Lrparam                               rparam       000000
__Lsfr                                  sfr          000000
__Lsmallconst                           smallconst   001000
__Lspace_0                              (abs)        000000
__Lspace_1                              (abs)        000000
__Lspace_2                              (abs)        000000
__Lspace_4                              (abs)        000000
__Lstack                                stack        000000
__Lstruct                               struct       000000
__Ltemp                                 temp         00006E
__Ltext                                 text         000000
__Ltext0                                text0        000000
__Ltext1                                text1        000000
__Ltext11                               text11       000000
__Ltext12                               text12       000000
__Ltext13                               text13       000000
__Ltext14                               text14       000000
__Ltext15                               text15       000000
__Ltext16                               text16       000000
__Ltext17                               text17       000000
__Ltext18                               text18       000000
__Ltext19                               text19       000000
__Ltext2                                text2        000000
__Ltext20                               text20       000000
__Ltext21                               text21       000000
__Ltext22                               text22       000000
__Ltext23                               text23       000000
__Ltext3                                text3        000000
__Ltext4                                text4        000000
__Ltext5                                text5        000000
__Ltext6                                text6        000000
__Ltext7                                text7        000000
__Ltext8                                text8        000000
__Ltext9                                text9        000000
__S0                                    (abs)        001B02
__S1                                    (abs)        0000CD
__S4                                    (abs)        000000
__S5                                    (abs)        000000
___heap_hi                              (abs)        000000
___heap_lo                              (abs)        000000
___inthi_sp                             stack        000000
___intlo_sp                             stack        000000
___param_bank                           (abs)        000000
___rparam_used                          (abs)        000001
___sp                                   stack        000000
__accesstop                             (abs)        000080
__activetblptr                          (abs)        000003
__end_of_ADC_ISR                        text22       001B00
__end_of_INT0_ISR                       text21       001AFC
__end_of_INT1_ISR                       text20       001AF8
__end_of_INT2_ISR                       text19       001AF4
__end_of_Interrupt_Manager              intcode_body 0012FE
__end_of_RB4_ISR                        text18       001AF0
__end_of_RB5_ISR                        text17       001AD6
__end_of_RB6_ISR                        text16       001ABC
__end_of_RB7_ISR                        text15       001AA2
__end_of_TIMER0_ISR                     text11       0019FA
__end_of_Timer0_Defualt_Hundeler        text12       001A60
__end_of_Timer0_Init                    text6        001622
__end_of_Timer0_Mode_Select             text9        0017B0
__end_of_Timer0_Prescaler_Config        text8        0018EC
__end_of_Timer0_Register_Size           text7        0019C4
__end_of__initialization                cinit        001938
__end_of_application_initialize         text5        001B02
__end_of_gpio_pin_direction_intialize   text4        001442
__end_of_gpio_pin_intialize             text2        001822
__end_of_gpio_pin_toggle_logic          text14       0016B4
__end_of_gpio_pin_write_logic           text3        00157E
__end_of_led_initialize                 text1        001736
__end_of_led_toggle                     text13       001894
__end_of_main                           text0        001A2E
__initialization                        cinit        0018EC
__mediumconst                           mediumconst  000000
__pbssCOMRAM                            bssCOMRAM    000001
__pcinit                                cinit        0018EC
__pcstackBANK0                          cstackBANK0  0000C4
__pcstackCOMRAM                         cstackCOMRAM 000053
__pdataBANK0                            dataBANK0    000080
__pdataCOMRAM                           dataCOMRAM   00002B
__pidataBANK0                           idataBANK0   001942
__pidataCOMRAM                          idataCOMRAM  001A60
__pintcode                              intcode      000008
__pintcode_body                         intcode_body 001008
__psmallconst                           smallconst   001000
__ptext0                                text0        0019FA
__ptext1                                text1        0016B4
__ptext11                               text11       0019C4
__ptext12                               text12       001A2E
__ptext13                               text13       001822
__ptext14                               text14       001622
__ptext15                               text15       001A88
__ptext16                               text16       001AA2
__ptext17                               text17       001ABC
__ptext18                               text18       001AD6
__ptext19                               text19       001AF0
__ptext2                                text2        0017B0
__ptext20                               text20       001AF4
__ptext21                               text21       001AF8
__ptext22                               text22       001AFC
__ptext23                               text23       000000
__ptext3                                text3        001442
__ptext4                                text4        0012FE
__ptext5                                text5        001B00
__ptext6                                text6        00157E
__ptext7                                text7        001986
__ptext8                                text8        001894
__ptext9                                text9        001736
__ramtop                                ramtop       001000
__smallconst                            smallconst   001000
_application_initialize                 text5        001B00
_gpio_pin_direction_intialize           text4        0012FE
_gpio_pin_intialize                     text2        0017B0
_gpio_pin_toggle_logic                  text14       001622
_gpio_pin_write_logic                   text3        001442
_keypad_btn_values                      dataBANK0    000080
_lat_registers                          dataCOMRAM   00002B
_lcd_1                                  dataCOMRAM   00004B
_lcd_2                                  dataBANK0    0000BA
_led1                                   dataCOMRAM   000052
_led2                                   dataCOMRAM   000051
_led_initialize                         text1        0016B4
_led_toggle                             text13       001822
_main                                   text0        0019FA
_port_registers                         dataBANK0    0000B0
_square_25hz_waveform                   bssCOMRAM    000023
_timer0_preload                         bssCOMRAM    000007
_tris_registers                         dataCOMRAM   000035
btemp                                   temp         00006E
end_of_initialization                   cinit        001938
gpio_pin_direction_intialize@pin_config cstackCOMRAM 000064
gpio_pin_direction_intialize@ret        cstackCOMRAM 00006C
gpio_pin_intialize@pin_config           cstackBANK0  0000C4
gpio_pin_intialize@ret                  cstackBANK0  0000C7
gpio_pin_toggle_logic@pin_config        cstackCOMRAM 000053
gpio_pin_write_logic@logic              cstackCOMRAM 000066
gpio_pin_write_logic@pin_config         cstackCOMRAM 000064
gpio_pin_write_logic@ret                cstackCOMRAM 00006D
int$flags                               temp         00006E
int_func                                intcode_body 001008
intlevel0                               text         000000
intlevel1                               text         000000
intlevel2                               text         000000
intlevel3                               text         000000
isa$std                                 (abs)        000001
isa$xinst                               (abs)        000000
led_initialize@F3048                    bssCOMRAM    00002A
led_initialize@led                      cstackBANK0  0000C8
led_initialize@pin_obj                  cstackBANK0  0000CC
led_initialize@ret                      cstackBANK0  0000CB
led_toggle@F3063                        bssCOMRAM    000027
led_toggle@led                          cstackCOMRAM 00005A
led_toggle@pin_obj                      cstackCOMRAM 00005D
led_turn_off@F3058                      bssCOMRAM    000028
led_turn_on@F3053                       bssCOMRAM    000029
stackhi                                 (abs)        000000
stacklo                                 (abs)        000000
start                                   init         00000E
start_initialization                    cinit        0018EC
ttemp5                                  temp         00006F
ttemp6                                  temp         000072
ttemp7                                  temp         000076
wtemp8                                  temp         00006F


MODULE INFORMATION

Module		Function		Class		Link	Load	Size
MCAL_Layer/interrupt/mcal_external_interrupt.c
		_RB4_ISR       		CODE           	1AD6	0000	26
		_RB5_ISR       		CODE           	1ABC	0000	26
		_RB6_ISR       		CODE           	1AA2	0000	26
		_RB7_ISR       		CODE           	1A88	0000	26
		_INT0_ISR      		CODE           	1AF8	0000	4
		_INT1_ISR      		CODE           	1AF4	0000	4
		_INT2_ISR      		CODE           	1AF0	0000	4

MCAL_Layer/interrupt/mcal_external_interrupt.c estimated size: 116

MCAL_Layer/Timer/hal_Timer0.c
		_Timer0_Init   		CODE           	157E	0000	164
		_Timer0_Register_Size		CODE           	1986	0000	62
		_Timer0_Prescaler_Config		CODE           	1894	0000	88
		_Timer0_Mode_Select		CODE           	1736	0000	122
		_TIMER0_ISR    		CODE           	19C4	0000	54

MCAL_Layer/Timer/hal_Timer0.c estimated size: 490

shared
		__initialization		CODE           	18EC	0000	76

shared estimated size: 76

MCAL_Layer/ADC/hal_adc.c
		_ADC_ISR       		CODE           	1AFC	0000	4

MCAL_Layer/ADC/hal_adc.c estimated size: 4

MCAL_Layer/GPIO/hal_gpio.c
		_gpio_pin_write_logic		CODE           	1442	0000	316
		_gpio_pin_intialize		CODE           	17B0	0000	114
		_gpio_pin_direction_intialize		CODE           	12FE	0000	324
		_gpio_pin_toggle_logic		CODE           	1622	0000	146

MCAL_Layer/GPIO/hal_gpio.c estimated size: 900

ECU_Layer/LED/ecu_led.c
		_led_initialize		CODE           	16B4	0000	130
		_led_toggle    		CODE           	1822	0000	114

ECU_Layer/LED/ecu_led.c estimated size: 244

application.c
		_application_initialize		CODE           	1B00	0000	2
		_main          		CODE           	19FA	0000	52
		_Timer0_Defualt_Hundeler		CODE           	1A2E	0000	50

application.c estimated size: 104

MCAL_Layer/interrupt/mcal_interrupt_manager.c
		_Interrupt_Manager		CODE           	0008	0000	764

MCAL_Layer/interrupt/mcal_interrupt_manager.c estimated size: 764

